// Jest Snapshot v1, https://goo.gl/fbAQLP

exports[`FindLeague mapStateToProps should assign displayName 1`] = `
Object {
  "displayName": "user",
}
`;
