// Jest Snapshot v1, https://goo.gl/fbAQLP

exports[`LoginForm component should render fine 1`] = `"<form class=\\"ant-form ant-form-inline\\"><div class=\\"ant-row ant-form-item\\"><div class=\\"ant-form-item-control-wrapper\\"><div class=\\"ant-form-item-control\\"><span class=\\"ant-form-item-children\\"><input type=\\"text\\" placeholder=\\"Email\\" value=\\"\\" class=\\"ant-input\\"/></span></div></div></div><div class=\\"ant-row ant-form-item\\"><div class=\\"ant-form-item-control-wrapper\\"><div class=\\"ant-form-item-control\\"><span class=\\"ant-form-item-children\\"><input type=\\"password\\" placeholder=\\"Password\\" value=\\"\\" class=\\"ant-input\\"/></span></div></div></div><div class=\\"ant-row ant-form-item\\"><div class=\\"ant-form-item-control-wrapper\\"><div class=\\"ant-form-item-control\\"><span class=\\"ant-form-item-children\\"><button type=\\"submit\\" class=\\"ant-btn ant-btn-primary\\"><span>Login</span></button></span></div></div></div><div class=\\"ant-row ant-form-item\\"><div class=\\"ant-form-item-control-wrapper\\"><div class=\\"ant-form-item-control\\"><span class=\\"ant-form-item-children\\"><button type=\\"button\\" class=\\"ant-btn ant-btn-secondary\\"><span>Sign up</span></button></span></div></div></div></form>"`;
