// Jest Snapshot v1, https://goo.gl/fbAQLP

exports[`SignUpForm component should render fine 1`] = `"<form class=\\"ant-form ant-form-horizontal\\"><div class=\\"ant-row ant-form-item\\"><div class=\\"ant-form-item-control-wrapper\\"><div class=\\"ant-form-item-control\\"><span class=\\"ant-form-item-children\\"><input type=\\"text\\" placeholder=\\"Email\\" value=\\"\\" class=\\"ant-input\\"/></span></div></div></div><div class=\\"ant-row ant-form-item\\"><div class=\\"ant-form-item-control-wrapper\\"><div class=\\"ant-form-item-control\\"><span class=\\"ant-form-item-children\\"><input type=\\"password\\" placeholder=\\"Password\\" value=\\"\\" class=\\"ant-input\\"/></span></div></div></div><div class=\\"ant-row ant-form-item\\"><div class=\\"ant-form-item-control-wrapper\\"><div class=\\"ant-form-item-control\\"><span class=\\"ant-form-item-children\\"><input type=\\"text\\" placeholder=\\"Display name\\" value=\\"\\" class=\\"ant-input\\"/></span></div></div></div><div style=\\"margin-top:10px\\"><button type=\\"submit\\" class=\\"ant-btn ant-btn-primary\\"><span>Sign Up</span></button></div></form>"`;
